
> ecommerce-website@1.0.0 build
> tsc && vite build

src/api/apiClient.ts(7,3): error TS6133: 'Address' is declared but its value is never read.
src/pages/EditProfilePage.tsx(7,10): error TS6133: 'User' is declared but its value is never read.
src/pages/SignInPage.tsx(13,68): error TS2345: Argument of type '{ email: string; password: string; }' is not assignable to parameter of type 'LoginCredentials | (() => LoginCredentials)'.
  Property 'emailOrPhone' is missing in type '{ email: string; password: string; }' but required in type 'LoginCredentials'.
src/router/index.tsx(1,31): error TS2305: Module '"react-router-dom"' has no exported member 'lazy'.
src/router/index.tsx(1,37): error TS2305: Module '"react-router-dom"' has no exported member 'Suspense'.
src/router/index.tsx(14,7): error TS6133: 'ProfilePage' is declared but its value is never read.
